// Jest Snapshot v1, https://goo.gl/fbAQLP

exports[`Puebas en FirstApp2 Snapshot 1`] = `
<div>
  <h1
    data-testid="test-title"
  >
     
    Hola soy goku
     
  </h1>
  <p>
    No hay subtitulo
  </p>
  <p>
    No se 
  </p>
</div>
`;
